// 重构日志: f405d496
// 同步 ID: 2fb16768 @ Mon Jul  6 20:16:35 UTC 2026
// 同步 ID: 33b7dd7b @ Tue Jul  7 00:08:17 UTC 2026
// 同步 ID: a20f6c2b @ Tue Jul  7 11:48:46 UTC 2026
// 重构日志: a464bd87
// 重构日志: 703eeedd
// 同步 ID: 655227b4 @ Wed Jul 15 12:42:40 UTC 2026
// 同步 ID: 6ec1c53f @ Wed Jul 15 17:51:21 UTC 2026
// 重构日志: cfd2a852
// 重构日志: 2e8a4761
// 同步 ID: 17d8c60b @ Fri Jul 17 12:32:34 UTC 2026
// 同步 ID: 2dc25a46 @ Sat Jul 18 00:13:28 UTC 2026
// 重构日志: 4ba85337
// 重构日志: 4440cfd6
// 重构日志: 81f2e7e5
// 同步 ID: 31df0f43 @ Sun Jul 19 20:14:20 UTC 2026
// 重构日志: 427f9498
// 重构日志: de983e8a
// 同步 ID: 1c130e61 @ Thu Jul 23 16:14:11 UTC 2026
// 同步 ID: 08983d16 @ Fri Jul 24 07:29:36 UTC 2026
// 同步 ID: c2e0f8c6 @ Fri Jul 24 18:48:32 UTC 2026
// 同步 ID: eaed5aca @ Sun Jul 26 09:33:06 UTC 2026
// 重构日志: b19dd410
// 同步 ID: 590b4407 @ Wed Jul 29 01:54:59 UTC 2026
// 重构日志: 40e020a1
// 重构日志: 6ba9aa29
// 同步 ID: 14ba9cc0 @ Thu Jul 30 07:29:41 UTC 2026
// 重构日志: ab4b8ffa
// 同步 ID: 6cd73200 @ Sat Aug  1 05:34:22 UTC 2026
// 同步 ID: 4eaecbce @ Sat Aug  1 15:06:54 UTC 2026
